--------------------------------------------------------------------------------
Release 13.4 Trace  (lin64)
Copyright (c) 1995-2011 Xilinx, Inc.  All rights reserved.

/usr/local/Xilinx.ISE/13.4/ISE_DS/ISE/bin/lin64/unwrapped/trce -intstyle ise -v
3 -s 3 -n 3 -fastpaths -xml ALU.twx ALU.ncd -o ALU.twr ALU.pcf

Design file:              ALU.ncd
Physical constraint file: ALU.pcf
Device,package,speed:     xc6slx16,csg324,C,-3 (PRODUCTION 1.21 2012-01-07)
Report level:             verbose report

Environment Variable      Effect 
--------------------      ------ 
NONE                      No environment variables were set
--------------------------------------------------------------------------------

INFO:Timing:2698 - No timing constraints found, doing default enumeration.
INFO:Timing:3412 - To improve timing, see the Timing Closure User Guide (UG612).
INFO:Timing:2752 - To get complete path coverage, use the unconstrained paths 
   option. All paths that are not constrained will be reported in the 
   unconstrained paths section(s) of the report.
INFO:Timing:3339 - The clock-to-out numbers in this timing report are based on 
   a 50 Ohm transmission line loading model.  For the details of this model, 
   and for more information on accounting for different loading conditions, 
   please see the device datasheet.



Data Sheet report:
-----------------
All values displayed in nanoseconds (ns)

Pad to Pad
---------------+---------------+---------+
Source Pad     |Destination Pad|  Delay  |
---------------+---------------+---------+
A<0>           |Flags<0>       |   13.752|
A<0>           |Flags<1>       |   15.108|
A<0>           |Flags<2>       |   13.876|
A<0>           |Flags<3>       |   12.719|
A<0>           |S<0>           |   11.931|
A<0>           |S<1>           |   12.246|
A<0>           |S<2>           |   11.865|
A<0>           |S<3>           |   12.371|
A<0>           |S<4>           |   12.497|
A<0>           |S<5>           |   12.349|
A<0>           |S<6>           |   12.529|
A<0>           |S<7>           |   12.137|
A<0>           |S<8>           |   12.759|
A<0>           |S<9>           |   12.368|
A<0>           |S<10>          |   12.728|
A<0>           |S<11>          |   12.520|
A<0>           |S<12>          |   12.930|
A<0>           |S<13>          |   12.527|
A<0>           |S<14>          |   12.922|
A<0>           |S<15>          |   12.764|
A<1>           |Flags<0>       |   13.449|
A<1>           |Flags<1>       |   14.805|
A<1>           |Flags<2>       |   13.277|
A<1>           |Flags<3>       |   12.416|
A<1>           |S<0>           |   11.332|
A<1>           |S<1>           |   11.647|
A<1>           |S<2>           |   11.266|
A<1>           |S<3>           |   11.772|
A<1>           |S<4>           |   11.898|
A<1>           |S<5>           |   11.750|
A<1>           |S<6>           |   11.930|
A<1>           |S<7>           |   11.538|
A<1>           |S<8>           |   12.160|
A<1>           |S<9>           |   11.769|
A<1>           |S<10>          |   12.129|
A<1>           |S<11>          |   11.921|
A<1>           |S<12>          |   12.331|
A<1>           |S<13>          |   11.928|
A<1>           |S<14>          |   12.323|
A<1>           |S<15>          |   12.165|
A<2>           |Flags<0>       |   13.568|
A<2>           |Flags<1>       |   14.924|
A<2>           |Flags<2>       |   13.457|
A<2>           |Flags<3>       |   12.535|
A<2>           |S<0>           |   11.512|
A<2>           |S<1>           |   11.827|
A<2>           |S<2>           |   11.446|
A<2>           |S<3>           |   11.952|
A<2>           |S<4>           |   12.078|
A<2>           |S<5>           |   11.930|
A<2>           |S<6>           |   12.110|
A<2>           |S<7>           |   11.718|
A<2>           |S<8>           |   12.340|
A<2>           |S<9>           |   11.949|
A<2>           |S<10>          |   12.309|
A<2>           |S<11>          |   12.101|
A<2>           |S<12>          |   12.511|
A<2>           |S<13>          |   12.108|
A<2>           |S<14>          |   12.503|
A<2>           |S<15>          |   12.345|
A<3>           |Flags<0>       |   13.229|
A<3>           |Flags<1>       |   14.585|
A<3>           |Flags<2>       |   13.019|
A<3>           |Flags<3>       |   12.196|
A<3>           |S<0>           |   11.074|
A<3>           |S<1>           |   11.389|
A<3>           |S<2>           |   11.008|
A<3>           |S<3>           |   11.514|
A<3>           |S<4>           |   11.640|
A<3>           |S<5>           |   11.492|
A<3>           |S<6>           |   11.672|
A<3>           |S<7>           |   11.280|
A<3>           |S<8>           |   11.902|
A<3>           |S<9>           |   11.511|
A<3>           |S<10>          |   11.871|
A<3>           |S<11>          |   11.663|
A<3>           |S<12>          |   12.073|
A<3>           |S<13>          |   11.670|
A<3>           |S<14>          |   12.065|
A<3>           |S<15>          |   11.907|
A<4>           |Flags<0>       |   13.287|
A<4>           |Flags<1>       |   14.643|
A<4>           |Flags<2>       |   13.297|
A<4>           |Flags<3>       |   12.254|
A<4>           |S<0>           |   11.352|
A<4>           |S<1>           |   11.667|
A<4>           |S<2>           |   11.286|
A<4>           |S<3>           |   11.792|
A<4>           |S<4>           |   11.918|
A<4>           |S<5>           |   11.770|
A<4>           |S<6>           |   11.950|
A<4>           |S<7>           |   11.558|
A<4>           |S<8>           |   12.180|
A<4>           |S<9>           |   11.789|
A<4>           |S<10>          |   12.149|
A<4>           |S<11>          |   11.941|
A<4>           |S<12>          |   12.351|
A<4>           |S<13>          |   11.948|
A<4>           |S<14>          |   12.343|
A<4>           |S<15>          |   12.185|
A<5>           |Flags<0>       |   13.261|
A<5>           |Flags<1>       |   14.617|
A<5>           |Flags<2>       |   13.092|
A<5>           |Flags<3>       |   12.228|
A<5>           |S<0>           |   11.147|
A<5>           |S<1>           |   11.462|
A<5>           |S<2>           |   11.081|
A<5>           |S<3>           |   11.587|
A<5>           |S<4>           |   11.713|
A<5>           |S<5>           |   11.565|
A<5>           |S<6>           |   11.745|
A<5>           |S<7>           |   11.353|
A<5>           |S<8>           |   11.975|
A<5>           |S<9>           |   11.584|
A<5>           |S<10>          |   11.944|
A<5>           |S<11>          |   11.736|
A<5>           |S<12>          |   12.146|
A<5>           |S<13>          |   11.743|
A<5>           |S<14>          |   12.138|
A<5>           |S<15>          |   11.980|
A<6>           |Flags<0>       |   13.515|
A<6>           |Flags<1>       |   14.871|
A<6>           |Flags<2>       |   13.349|
A<6>           |Flags<3>       |   12.482|
A<6>           |S<0>           |   11.404|
A<6>           |S<1>           |   11.719|
A<6>           |S<2>           |   11.338|
A<6>           |S<3>           |   11.844|
A<6>           |S<4>           |   11.970|
A<6>           |S<5>           |   11.822|
A<6>           |S<6>           |   12.002|
A<6>           |S<7>           |   11.610|
A<6>           |S<8>           |   12.232|
A<6>           |S<9>           |   11.841|
A<6>           |S<10>          |   12.201|
A<6>           |S<11>          |   11.993|
A<6>           |S<12>          |   12.403|
A<6>           |S<13>          |   12.000|
A<6>           |S<14>          |   12.395|
A<6>           |S<15>          |   12.237|
A<7>           |Flags<0>       |   13.197|
A<7>           |Flags<1>       |   14.553|
A<7>           |Flags<2>       |   13.104|
A<7>           |Flags<3>       |   12.164|
A<7>           |S<0>           |   11.159|
A<7>           |S<1>           |   11.474|
A<7>           |S<2>           |   11.093|
A<7>           |S<3>           |   11.599|
A<7>           |S<4>           |   11.725|
A<7>           |S<5>           |   11.577|
A<7>           |S<6>           |   11.757|
A<7>           |S<7>           |   11.365|
A<7>           |S<8>           |   11.987|
A<7>           |S<9>           |   11.596|
A<7>           |S<10>          |   11.956|
A<7>           |S<11>          |   11.748|
A<7>           |S<12>          |   12.158|
A<7>           |S<13>          |   11.755|
A<7>           |S<14>          |   12.150|
A<7>           |S<15>          |   11.992|
A<8>           |Flags<0>       |   13.016|
A<8>           |Flags<1>       |   14.372|
A<8>           |Flags<2>       |   12.861|
A<8>           |Flags<3>       |   11.983|
A<8>           |S<0>           |   10.916|
A<8>           |S<1>           |   11.231|
A<8>           |S<2>           |   10.850|
A<8>           |S<3>           |   11.356|
A<8>           |S<4>           |   11.482|
A<8>           |S<5>           |   11.334|
A<8>           |S<6>           |   11.514|
A<8>           |S<7>           |   11.122|
A<8>           |S<8>           |   11.744|
A<8>           |S<9>           |   11.353|
A<8>           |S<10>          |   11.713|
A<8>           |S<11>          |   11.505|
A<8>           |S<12>          |   11.915|
A<8>           |S<13>          |   11.512|
A<8>           |S<14>          |   11.907|
A<8>           |S<15>          |   11.749|
A<9>           |Flags<0>       |   12.773|
A<9>           |Flags<1>       |   14.129|
A<9>           |Flags<2>       |   12.905|
A<9>           |Flags<3>       |   11.740|
A<9>           |S<0>           |   10.960|
A<9>           |S<1>           |   11.275|
A<9>           |S<2>           |   10.894|
A<9>           |S<3>           |   11.400|
A<9>           |S<4>           |   11.526|
A<9>           |S<5>           |   11.378|
A<9>           |S<6>           |   11.558|
A<9>           |S<7>           |   11.166|
A<9>           |S<8>           |   11.788|
A<9>           |S<9>           |   11.397|
A<9>           |S<10>          |   11.757|
A<9>           |S<11>          |   11.549|
A<9>           |S<12>          |   11.959|
A<9>           |S<13>          |   11.556|
A<9>           |S<14>          |   11.951|
A<9>           |S<15>          |   11.793|
A<10>          |Flags<0>       |   13.035|
A<10>          |Flags<1>       |   14.391|
A<10>          |Flags<2>       |   13.406|
A<10>          |Flags<3>       |   12.002|
A<10>          |S<0>           |   11.461|
A<10>          |S<1>           |   11.776|
A<10>          |S<2>           |   11.395|
A<10>          |S<3>           |   11.901|
A<10>          |S<4>           |   12.027|
A<10>          |S<5>           |   11.879|
A<10>          |S<6>           |   12.059|
A<10>          |S<7>           |   11.667|
A<10>          |S<8>           |   12.289|
A<10>          |S<9>           |   11.898|
A<10>          |S<10>          |   12.258|
A<10>          |S<11>          |   12.050|
A<10>          |S<12>          |   12.460|
A<10>          |S<13>          |   12.057|
A<10>          |S<14>          |   12.452|
A<10>          |S<15>          |   12.294|
A<11>          |Flags<0>       |   13.271|
A<11>          |Flags<1>       |   14.627|
A<11>          |Flags<2>       |   13.062|
A<11>          |Flags<3>       |   12.238|
A<11>          |S<0>           |   11.117|
A<11>          |S<1>           |   11.432|
A<11>          |S<2>           |   11.051|
A<11>          |S<3>           |   11.557|
A<11>          |S<4>           |   11.683|
A<11>          |S<5>           |   11.535|
A<11>          |S<6>           |   11.715|
A<11>          |S<7>           |   11.323|
A<11>          |S<8>           |   11.945|
A<11>          |S<9>           |   11.554|
A<11>          |S<10>          |   11.914|
A<11>          |S<11>          |   11.706|
A<11>          |S<12>          |   12.116|
A<11>          |S<13>          |   11.713|
A<11>          |S<14>          |   12.108|
A<11>          |S<15>          |   11.950|
A<12>          |Flags<0>       |   12.981|
A<12>          |Flags<1>       |   14.337|
A<12>          |Flags<2>       |   12.617|
A<12>          |Flags<3>       |   11.948|
A<12>          |S<0>           |   10.672|
A<12>          |S<1>           |   10.987|
A<12>          |S<2>           |   10.606|
A<12>          |S<3>           |   11.112|
A<12>          |S<4>           |   11.238|
A<12>          |S<5>           |   11.090|
A<12>          |S<6>           |   11.270|
A<12>          |S<7>           |   10.878|
A<12>          |S<8>           |   11.500|
A<12>          |S<9>           |   11.109|
A<12>          |S<10>          |   11.469|
A<12>          |S<11>          |   11.261|
A<12>          |S<12>          |   11.671|
A<12>          |S<13>          |   11.268|
A<12>          |S<14>          |   11.663|
A<12>          |S<15>          |   11.505|
A<13>          |Flags<0>       |   12.704|
A<13>          |Flags<1>       |   14.060|
A<13>          |Flags<2>       |   13.211|
A<13>          |Flags<3>       |   11.671|
A<13>          |S<0>           |   11.266|
A<13>          |S<1>           |   11.581|
A<13>          |S<2>           |   11.200|
A<13>          |S<3>           |   11.706|
A<13>          |S<4>           |   11.832|
A<13>          |S<5>           |   11.684|
A<13>          |S<6>           |   11.864|
A<13>          |S<7>           |   11.472|
A<13>          |S<8>           |   12.094|
A<13>          |S<9>           |   11.703|
A<13>          |S<10>          |   12.063|
A<13>          |S<11>          |   11.855|
A<13>          |S<12>          |   12.265|
A<13>          |S<13>          |   11.862|
A<13>          |S<14>          |   12.257|
A<13>          |S<15>          |   12.099|
A<14>          |Flags<0>       |   13.095|
A<14>          |Flags<1>       |   14.451|
A<14>          |Flags<2>       |   13.236|
A<14>          |Flags<3>       |   12.062|
A<14>          |S<0>           |   11.291|
A<14>          |S<1>           |   11.606|
A<14>          |S<2>           |   11.225|
A<14>          |S<3>           |   11.731|
A<14>          |S<4>           |   11.857|
A<14>          |S<5>           |   11.709|
A<14>          |S<6>           |   11.889|
A<14>          |S<7>           |   11.497|
A<14>          |S<8>           |   12.119|
A<14>          |S<9>           |   11.728|
A<14>          |S<10>          |   12.088|
A<14>          |S<11>          |   11.880|
A<14>          |S<12>          |   12.290|
A<14>          |S<13>          |   11.887|
A<14>          |S<14>          |   12.282|
A<14>          |S<15>          |   12.124|
A<15>          |Flags<0>       |   12.966|
A<15>          |Flags<1>       |   14.322|
A<15>          |Flags<2>       |   12.649|
A<15>          |Flags<3>       |   11.933|
A<15>          |S<0>           |   10.704|
A<15>          |S<1>           |   11.019|
A<15>          |S<2>           |   10.638|
A<15>          |S<3>           |   11.144|
A<15>          |S<4>           |   11.270|
A<15>          |S<5>           |   11.122|
A<15>          |S<6>           |   11.302|
A<15>          |S<7>           |   10.910|
A<15>          |S<8>           |   11.532|
A<15>          |S<9>           |   11.141|
A<15>          |S<10>          |   11.501|
A<15>          |S<11>          |   11.293|
A<15>          |S<12>          |   11.703|
A<15>          |S<13>          |   11.300|
A<15>          |S<14>          |   11.695|
A<15>          |S<15>          |   11.537|
B<0>           |Flags<0>       |   12.457|
B<0>           |Flags<1>       |   13.813|
B<0>           |Flags<2>       |   12.550|
B<0>           |Flags<3>       |   11.424|
B<0>           |S<0>           |   10.605|
B<0>           |S<1>           |   10.920|
B<0>           |S<2>           |   10.539|
B<0>           |S<3>           |   11.045|
B<0>           |S<4>           |   11.171|
B<0>           |S<5>           |   11.023|
B<0>           |S<6>           |   11.203|
B<0>           |S<7>           |   10.811|
B<0>           |S<8>           |   11.433|
B<0>           |S<9>           |   11.042|
B<0>           |S<10>          |   11.402|
B<0>           |S<11>          |   11.194|
B<0>           |S<12>          |   11.604|
B<0>           |S<13>          |   11.201|
B<0>           |S<14>          |   11.596|
B<0>           |S<15>          |   11.438|
B<1>           |Flags<0>       |   12.403|
B<1>           |Flags<1>       |   13.759|
B<1>           |Flags<2>       |   12.068|
B<1>           |Flags<3>       |   11.370|
B<1>           |S<0>           |   10.123|
B<1>           |S<1>           |   10.438|
B<1>           |S<2>           |   10.057|
B<1>           |S<3>           |   10.563|
B<1>           |S<4>           |   10.689|
B<1>           |S<5>           |   10.541|
B<1>           |S<6>           |   10.721|
B<1>           |S<7>           |   10.329|
B<1>           |S<8>           |   10.951|
B<1>           |S<9>           |   10.560|
B<1>           |S<10>          |   10.920|
B<1>           |S<11>          |   10.712|
B<1>           |S<12>          |   11.122|
B<1>           |S<13>          |   10.719|
B<1>           |S<14>          |   11.114|
B<1>           |S<15>          |   10.956|
B<2>           |Flags<0>       |   13.068|
B<2>           |Flags<1>       |   14.424|
B<2>           |Flags<2>       |   12.586|
B<2>           |Flags<3>       |   12.035|
B<2>           |S<0>           |   10.641|
B<2>           |S<1>           |   10.956|
B<2>           |S<2>           |   10.575|
B<2>           |S<3>           |   11.081|
B<2>           |S<4>           |   11.207|
B<2>           |S<5>           |   11.059|
B<2>           |S<6>           |   11.239|
B<2>           |S<7>           |   10.847|
B<2>           |S<8>           |   11.469|
B<2>           |S<9>           |   11.078|
B<2>           |S<10>          |   11.438|
B<2>           |S<11>          |   11.230|
B<2>           |S<12>          |   11.640|
B<2>           |S<13>          |   11.237|
B<2>           |S<14>          |   11.632|
B<2>           |S<15>          |   11.474|
B<3>           |Flags<0>       |   12.859|
B<3>           |Flags<1>       |   14.215|
B<3>           |Flags<2>       |   12.690|
B<3>           |Flags<3>       |   11.826|
B<3>           |S<0>           |   10.745|
B<3>           |S<1>           |   11.060|
B<3>           |S<2>           |   10.679|
B<3>           |S<3>           |   11.185|
B<3>           |S<4>           |   11.311|
B<3>           |S<5>           |   11.163|
B<3>           |S<6>           |   11.343|
B<3>           |S<7>           |   10.951|
B<3>           |S<8>           |   11.573|
B<3>           |S<9>           |   11.182|
B<3>           |S<10>          |   11.542|
B<3>           |S<11>          |   11.334|
B<3>           |S<12>          |   11.744|
B<3>           |S<13>          |   11.341|
B<3>           |S<14>          |   11.736|
B<3>           |S<15>          |   11.578|
B<4>           |Flags<0>       |   12.387|
B<4>           |Flags<1>       |   13.743|
B<4>           |Flags<2>       |   12.354|
B<4>           |Flags<3>       |   11.354|
B<4>           |S<0>           |   10.409|
B<4>           |S<1>           |   10.724|
B<4>           |S<2>           |   10.343|
B<4>           |S<3>           |   10.849|
B<4>           |S<4>           |   10.975|
B<4>           |S<5>           |   10.827|
B<4>           |S<6>           |   11.007|
B<4>           |S<7>           |   10.615|
B<4>           |S<8>           |   11.237|
B<4>           |S<9>           |   10.846|
B<4>           |S<10>          |   11.206|
B<4>           |S<11>          |   10.998|
B<4>           |S<12>          |   11.408|
B<4>           |S<13>          |   11.005|
B<4>           |S<14>          |   11.400|
B<4>           |S<15>          |   11.242|
B<5>           |Flags<0>       |   12.850|
B<5>           |Flags<1>       |   14.206|
B<5>           |Flags<2>       |   12.122|
B<5>           |Flags<3>       |   11.817|
B<5>           |S<0>           |   10.177|
B<5>           |S<1>           |   10.492|
B<5>           |S<2>           |   10.111|
B<5>           |S<3>           |   10.617|
B<5>           |S<4>           |   10.743|
B<5>           |S<5>           |   10.595|
B<5>           |S<6>           |   10.775|
B<5>           |S<7>           |   10.383|
B<5>           |S<8>           |   11.005|
B<5>           |S<9>           |   10.614|
B<5>           |S<10>          |   10.974|
B<5>           |S<11>          |   10.766|
B<5>           |S<12>          |   11.176|
B<5>           |S<13>          |   10.773|
B<5>           |S<14>          |   11.168|
B<5>           |S<15>          |   11.010|
B<6>           |Flags<0>       |   13.109|
B<6>           |Flags<1>       |   14.465|
B<6>           |Flags<2>       |   12.750|
B<6>           |Flags<3>       |   12.076|
B<6>           |S<0>           |   10.805|
B<6>           |S<1>           |   11.120|
B<6>           |S<2>           |   10.739|
B<6>           |S<3>           |   11.245|
B<6>           |S<4>           |   11.371|
B<6>           |S<5>           |   11.223|
B<6>           |S<6>           |   11.403|
B<6>           |S<7>           |   11.011|
B<6>           |S<8>           |   11.633|
B<6>           |S<9>           |   11.242|
B<6>           |S<10>          |   11.602|
B<6>           |S<11>          |   11.394|
B<6>           |S<12>          |   11.804|
B<6>           |S<13>          |   11.401|
B<6>           |S<14>          |   11.796|
B<6>           |S<15>          |   11.638|
B<7>           |Flags<0>       |   12.770|
B<7>           |Flags<1>       |   14.126|
B<7>           |Flags<2>       |   12.705|
B<7>           |Flags<3>       |   11.737|
B<7>           |S<0>           |   10.760|
B<7>           |S<1>           |   11.075|
B<7>           |S<2>           |   10.694|
B<7>           |S<3>           |   11.200|
B<7>           |S<4>           |   11.326|
B<7>           |S<5>           |   11.178|
B<7>           |S<6>           |   11.358|
B<7>           |S<7>           |   10.966|
B<7>           |S<8>           |   11.588|
B<7>           |S<9>           |   11.197|
B<7>           |S<10>          |   11.557|
B<7>           |S<11>          |   11.349|
B<7>           |S<12>          |   11.759|
B<7>           |S<13>          |   11.356|
B<7>           |S<14>          |   11.751|
B<7>           |S<15>          |   11.593|
B<8>           |Flags<0>       |   13.209|
B<8>           |Flags<1>       |   14.565|
B<8>           |Flags<2>       |   12.852|
B<8>           |Flags<3>       |   12.176|
B<8>           |S<0>           |   10.907|
B<8>           |S<1>           |   11.222|
B<8>           |S<2>           |   10.841|
B<8>           |S<3>           |   11.347|
B<8>           |S<4>           |   11.473|
B<8>           |S<5>           |   11.325|
B<8>           |S<6>           |   11.505|
B<8>           |S<7>           |   11.113|
B<8>           |S<8>           |   11.735|
B<8>           |S<9>           |   11.344|
B<8>           |S<10>          |   11.704|
B<8>           |S<11>          |   11.496|
B<8>           |S<12>          |   11.906|
B<8>           |S<13>          |   11.503|
B<8>           |S<14>          |   11.898|
B<8>           |S<15>          |   11.740|
B<9>           |Flags<0>       |   12.682|
B<9>           |Flags<1>       |   14.038|
B<9>           |Flags<2>       |   12.644|
B<9>           |Flags<3>       |   11.649|
B<9>           |S<0>           |   10.699|
B<9>           |S<1>           |   11.014|
B<9>           |S<2>           |   10.633|
B<9>           |S<3>           |   11.139|
B<9>           |S<4>           |   11.265|
B<9>           |S<5>           |   11.117|
B<9>           |S<6>           |   11.297|
B<9>           |S<7>           |   10.905|
B<9>           |S<8>           |   11.527|
B<9>           |S<9>           |   11.136|
B<9>           |S<10>          |   11.496|
B<9>           |S<11>          |   11.288|
B<9>           |S<12>          |   11.698|
B<9>           |S<13>          |   11.295|
B<9>           |S<14>          |   11.690|
B<9>           |S<15>          |   11.532|
B<10>          |Flags<0>       |   13.324|
B<10>          |Flags<1>       |   14.680|
B<10>          |Flags<2>       |   12.963|
B<10>          |Flags<3>       |   12.291|
B<10>          |S<0>           |   11.018|
B<10>          |S<1>           |   11.333|
B<10>          |S<2>           |   10.952|
B<10>          |S<3>           |   11.458|
B<10>          |S<4>           |   11.584|
B<10>          |S<5>           |   11.436|
B<10>          |S<6>           |   11.616|
B<10>          |S<7>           |   11.224|
B<10>          |S<8>           |   11.846|
B<10>          |S<9>           |   11.455|
B<10>          |S<10>          |   11.815|
B<10>          |S<11>          |   11.607|
B<10>          |S<12>          |   12.017|
B<10>          |S<13>          |   11.614|
B<10>          |S<14>          |   12.009|
B<10>          |S<15>          |   11.851|
B<11>          |Flags<0>       |   13.330|
B<11>          |Flags<1>       |   14.686|
B<11>          |Flags<2>       |   13.294|
B<11>          |Flags<3>       |   12.297|
B<11>          |S<0>           |   11.349|
B<11>          |S<1>           |   11.664|
B<11>          |S<2>           |   11.283|
B<11>          |S<3>           |   11.789|
B<11>          |S<4>           |   11.915|
B<11>          |S<5>           |   11.767|
B<11>          |S<6>           |   11.947|
B<11>          |S<7>           |   11.555|
B<11>          |S<8>           |   12.177|
B<11>          |S<9>           |   11.786|
B<11>          |S<10>          |   12.146|
B<11>          |S<11>          |   11.938|
B<11>          |S<12>          |   12.348|
B<11>          |S<13>          |   11.945|
B<11>          |S<14>          |   12.340|
B<11>          |S<15>          |   12.182|
B<12>          |Flags<0>       |   13.196|
B<12>          |Flags<1>       |   14.552|
B<12>          |Flags<2>       |   12.807|
B<12>          |Flags<3>       |   12.163|
B<12>          |S<0>           |   10.862|
B<12>          |S<1>           |   11.177|
B<12>          |S<2>           |   10.796|
B<12>          |S<3>           |   11.302|
B<12>          |S<4>           |   11.428|
B<12>          |S<5>           |   11.280|
B<12>          |S<6>           |   11.460|
B<12>          |S<7>           |   11.068|
B<12>          |S<8>           |   11.690|
B<12>          |S<9>           |   11.299|
B<12>          |S<10>          |   11.659|
B<12>          |S<11>          |   11.451|
B<12>          |S<12>          |   11.861|
B<12>          |S<13>          |   11.458|
B<12>          |S<14>          |   11.853|
B<12>          |S<15>          |   11.695|
B<13>          |Flags<0>       |   12.691|
B<13>          |Flags<1>       |   14.047|
B<13>          |Flags<2>       |   12.406|
B<13>          |Flags<3>       |   11.658|
B<13>          |S<0>           |   10.461|
B<13>          |S<1>           |   10.776|
B<13>          |S<2>           |   10.395|
B<13>          |S<3>           |   10.901|
B<13>          |S<4>           |   11.027|
B<13>          |S<5>           |   10.879|
B<13>          |S<6>           |   11.059|
B<13>          |S<7>           |   10.667|
B<13>          |S<8>           |   11.289|
B<13>          |S<9>           |   10.898|
B<13>          |S<10>          |   11.258|
B<13>          |S<11>          |   11.050|
B<13>          |S<12>          |   11.460|
B<13>          |S<13>          |   11.057|
B<13>          |S<14>          |   11.452|
B<13>          |S<15>          |   11.294|
B<14>          |Flags<0>       |   13.526|
B<14>          |Flags<1>       |   14.882|
B<14>          |Flags<2>       |   12.975|
B<14>          |Flags<3>       |   12.493|
B<14>          |S<0>           |   11.030|
B<14>          |S<1>           |   11.345|
B<14>          |S<2>           |   10.964|
B<14>          |S<3>           |   11.470|
B<14>          |S<4>           |   11.596|
B<14>          |S<5>           |   11.448|
B<14>          |S<6>           |   11.628|
B<14>          |S<7>           |   11.236|
B<14>          |S<8>           |   11.858|
B<14>          |S<9>           |   11.467|
B<14>          |S<10>          |   11.827|
B<14>          |S<11>          |   11.619|
B<14>          |S<12>          |   12.029|
B<14>          |S<13>          |   11.626|
B<14>          |S<14>          |   12.021|
B<14>          |S<15>          |   11.863|
B<15>          |Flags<0>       |   12.998|
B<15>          |Flags<1>       |   14.354|
B<15>          |Flags<2>       |   12.411|
B<15>          |Flags<3>       |   11.965|
B<15>          |S<0>           |   10.466|
B<15>          |S<1>           |   10.781|
B<15>          |S<2>           |   10.400|
B<15>          |S<3>           |   10.906|
B<15>          |S<4>           |   11.032|
B<15>          |S<5>           |   10.884|
B<15>          |S<6>           |   11.064|
B<15>          |S<7>           |   10.672|
B<15>          |S<8>           |   11.294|
B<15>          |S<9>           |   10.903|
B<15>          |S<10>          |   11.263|
B<15>          |S<11>          |   11.055|
B<15>          |S<12>          |   11.465|
B<15>          |S<13>          |   11.062|
B<15>          |S<14>          |   11.457|
B<15>          |S<15>          |   11.299|
Ctrl_Alu<0>    |Flags<0>       |   10.269|
Ctrl_Alu<0>    |Flags<1>       |   11.738|
Ctrl_Alu<0>    |Flags<2>       |   10.261|
Ctrl_Alu<0>    |Flags<3>       |    9.830|
Ctrl_Alu<0>    |S<0>           |    8.543|
Ctrl_Alu<0>    |S<1>           |    8.717|
Ctrl_Alu<0>    |S<2>           |    7.441|
Ctrl_Alu<0>    |S<3>           |    9.032|
Ctrl_Alu<0>    |S<4>           |    9.139|
Ctrl_Alu<0>    |S<5>           |    9.191|
Ctrl_Alu<0>    |S<6>           |    9.253|
Ctrl_Alu<0>    |S<7>           |    8.138|
Ctrl_Alu<0>    |S<8>           |    8.125|
Ctrl_Alu<0>    |S<9>           |    8.784|
Ctrl_Alu<0>    |S<10>          |    8.051|
Ctrl_Alu<0>    |S<11>          |    9.204|
Ctrl_Alu<0>    |S<12>          |    9.234|
Ctrl_Alu<0>    |S<13>          |    8.249|
Ctrl_Alu<0>    |S<14>          |    9.512|
Ctrl_Alu<0>    |S<15>          |    9.149|
Ctrl_Alu<1>    |Flags<0>       |   10.090|
Ctrl_Alu<1>    |Flags<1>       |   11.597|
Ctrl_Alu<1>    |Flags<2>       |    9.739|
Ctrl_Alu<1>    |Flags<3>       |    9.634|
Ctrl_Alu<1>    |S<0>           |    7.515|
Ctrl_Alu<1>    |S<1>           |    7.840|
Ctrl_Alu<1>    |S<2>           |    6.232|
Ctrl_Alu<1>    |S<3>           |    8.105|
Ctrl_Alu<1>    |S<4>           |    8.152|
Ctrl_Alu<1>    |S<5>           |    8.114|
Ctrl_Alu<1>    |S<6>           |    7.837|
Ctrl_Alu<1>    |S<7>           |    7.021|
Ctrl_Alu<1>    |S<8>           |    7.352|
Ctrl_Alu<1>    |S<9>           |    7.728|
Ctrl_Alu<1>    |S<10>          |    7.563|
Ctrl_Alu<1>    |S<11>          |    8.121|
Ctrl_Alu<1>    |S<12>          |    8.246|
Ctrl_Alu<1>    |S<13>          |    7.199|
Ctrl_Alu<1>    |S<14>          |    8.509|
Ctrl_Alu<1>    |S<15>          |    8.627|
---------------+---------------+---------+


Analysis completed Tue Mar 28 18:04:17 2017 
--------------------------------------------------------------------------------

Trace Settings:
-------------------------
Trace Settings 

Peak Memory Usage: 389 MB



